C51 COMPILER V9.60.7.0   UART                                                              09/16/2025 21:52:21 PAGE 1   


C51 COMPILER V9.60.7.0, COMPILATION OF MODULE UART
OBJECT MODULE PLACED IN .\Objects\UART.obj
COMPILER INVOKED BY: E:\software\software\keil5\C51\BIN\C51.EXE UART.c OPTIMIZE(8,SPEED) BROWSE DEBUG OBJECTEXTEND PRINT
                    -(.\Listings\UART.lst) OBJECT(.\Objects\UART.obj)

line level    source

   1          #include <REGX52.H>
   2          
   3          
   4          /**
   5            * @brief  串口初始化
   6            * @param  无
   7            * @retval 无
   8            */
   9          void UART_Init()//4800bps@11.0592MHz
  10          {
  11   1              PCON &= 0x7F;           //波特率不倍速
  12   1              SCON = 0x50;            //8位数据,可变波特率
  13   1              
  14   1              TMOD &= 0x0F;           //设置定时器模式
  15   1              TMOD |= 0x20;           //设置定时器模式
  16   1              TL1 = 0xFA;             //设定定时初值
  17   1              TH1 = 0xFA;             //设定定时器重装值
  18   1              ET1 = 0;                //禁止定时器1中断
  19   1              TR1 = 1;                //启动定时器1
  20   1              
  21   1              EA=1;
  22   1              ES=1;
  23   1      }
  24          
  25          /**
  26            * @brief  串口发送一个字节数据
  27            * @param  Byte 要发送的一个字节数据
  28            * @retval 无
  29            */
  30          void UART_SendByte(unsigned char Byte)
  31          {
  32   1              SBUF=Byte;
  33   1              while(TI==0);
  34   1              TI=0;
  35   1      }
  36          
  37          
  38          //单片机中断函数模板
  39          //void UART_Routine() interrupt 4
  40          //{
  41          //      if(RI==1)//接收控制中断(判断是发送还是接收)
  42          //      {
  43          
  44          //              RI=0;//软件复位
  45          //      }
  46          //}


MODULE INFORMATION:   STATIC OVERLAYABLE
   CODE SIZE        =     35    ----
   CONSTANT SIZE    =   ----    ----
   XDATA SIZE       =   ----    ----
   PDATA SIZE       =   ----    ----
   DATA SIZE        =   ----    ----
C51 COMPILER V9.60.7.0   UART                                                              09/16/2025 21:52:21 PAGE 2   

   IDATA SIZE       =   ----    ----
   BIT SIZE         =   ----    ----
END OF MODULE INFORMATION.


C51 COMPILATION COMPLETE.  0 WARNING(S),  0 ERROR(S)
